#-----------------------------------------------------------
# Vivado v2023.1 (64-bit)
# SW Build 3865809 on Sun May  7 15:05:29 MDT 2023
# IP Build 3864474 on Sun May  7 20:36:21 MDT 2023
# SharedData Build 3865790 on Sun May 07 13:33:03 MDT 2023
# Start of session at: Thu Nov 21 09:35:46 2024
# Process ID: 18064
# Current directory: c:/Projects/SoC_training/pz2_videoDisplay/v_frmbuf_wr_0_ex
# Command line: vivado.exe -notrace -source c:/Projects/SoC_training/pz2_videoDisplay/pyz2_videoDisplay/.Xil/v_frmbuf_wr_0/v_frmbuf_wr_0_ex.tcl
# Log file: c:/Projects/SoC_training/pz2_videoDisplay/v_frmbuf_wr_0_ex/vivado.log
# Journal file: c:/Projects/SoC_training/pz2_videoDisplay/v_frmbuf_wr_0_ex\vivado.jou
# Running On: Kirby, OS: Windows, CPU Frequency: 3294 MHz, CPU Physical cores: 16, Host memory: 32980 MB
#-----------------------------------------------------------
start_gui
source c:/Projects/SoC_training/pz2_videoDisplay/pyz2_videoDisplay/.Xil/v_frmbuf_wr_0/v_frmbuf_wr_0_ex.tcl -notrace
update_compile_order -fileset sources_1
